       _   _ _     _  _    
      | | ( | )  _| || |_  
      | |  V V  |_  __  _| 
      | |        _| || |_  
      |_|       |_  __  _| 
      (_)         |_||_|   
                           
                           
<#  ____    _____    ______   _   _  
 / __ \  |  __ \  |  ____| | \ | | 
| |  | | | |__) | | |__    |  \| | 
| |  | | |  ___/  |  __|   | . ` | 
| |__| | | |      | |____  | |\  | 
 \____/  |_|      |______| |_| \_| 
                                   
                                   
<#                        __  _  __     /\/| 
                       / / | | \ \   |/\/  
__  __  _   _   ____  | |  | |  | |        
\ \/ / | | | | |_  / / /   | |   \ \       
 &gt;  &lt;  | |_| |  / /  \ \   | |   / /       
/_/\_\  \__, | /___|  | |  | |  | |        
        __/ /          \_\ | | /_/         
       |___/               |_|             
<#